// Jest Snapshot v1, https://goo.gl/fbAQLP

exports[`ConnectionStatus should render correctly 1`] = `
<p
  class="MuiTypography-root MuiTypography-body1 css-1nkhxq8-MuiTypography-root"
>
  offline
</p>
`;
